
> money-printer-os@0.5.0-alpha.61 release:windows-asar
> node scripts/build-windows-asar.mjs --out W:\upgrade-release-20260926\trader

commit b7ad48a5c0aa50d28f6f97d6f18bebd70da4034d
release 0.5.0-alpha.61+windows.b7ad48a
work C:\Users\jakem\AppData\Local\Temp\mpo-win-b7ad48a-z2ejZ6
out W:\upgrade-release-20260926\trader
{
  "releaseId": "0.5.0-alpha.61+windows.b7ad48a",
  "sourceCommit": "b7ad48a5c0aa50d28f6f97d6f18bebd70da4034d",
  "sourceFingerprint": "ae689d014070a856f287d15979fad0fbbedaf60daf34e039833d834a24d0276e",
  "packageVersion": "0.5.0-alpha.61",
  "electronVersion": "38.8.6",
  "createdAt": "2026-09-26T23:54:01Z",
  "builtOn": "WITCHDOCTOR",
  "sha256": "2da92602748fa47e99d3161dea575fa535c01bf6061680242a120fce41f4d2dc",
  "bytes": 44522133,
  "entries": 5002,
  "nativeModules": [],
  "stagedFiles": 4578
}
(node:60520) [DEP0190] DeprecationWarning: Passing args to a child process with shell option true can lead to security vulnerabilities, as the arguments are not escaped, only concatenated.
(Use `node --trace-deprecation ...` to show where the warning was created)
