✔ withdrawing every unit and later redepositing cannot erase historical drawdown (3.056ms)
✔ open losses and terminal marks change drawdown despite zero realized loss (7.3107ms)
✔ deposits and withdrawals preserve NAV drawdown and high water survives a governor restart (6.536ms)
✔ missing/stale/depth-limited marks fail closed, foreign currencies remain explicitly excluded (4.0422ms)
✔ liquidation fees count in marked equity and loss limits do not trap reducing sells (4.319ms)
✔ prediction evaluator uses a future offer and retains capital until observed settlement (1.5604ms)
✔ unobserved outcomes, changed rules, wrong venue, unknown fees and event duplicates cannot qualify (0.4562ms)
✔ unsupported Kalshi history remains waiting and fixed policy results are stored append-only (10.8675ms)
✔ cross-venue quote is conditional and includes failed-leg loss even when rules match (1.622ms)
✔ every settlement-relevant field invalidates a prior contract attestation (1.2091ms)
✔ bars: weekday bars before the calendar start are kept; weekends and dates past the table are not (2.0599ms)
✔ refresh: asks Alpaca for at least 6 years, keeps the old bars and hands them to the Lab in lab-link (577.9019ms)
✔ strategy: month-ends before the calendar come from the data, so the older history is usable (25.1419ms)
✔ Lab champion: applied only when cleared for paper, for this strategy, in bounds and with the trader hash (32.3678ms)
✔ controller: the book runs the cleared champion, else the defaults, and the snapshot says which (1943.7512ms)
ℹ tests 15
ℹ suites 0
ℹ pass 15
ℹ fail 0
ℹ cancelled 0
ℹ skipped 0
ℹ todo 0
ℹ duration_ms 2765.9943
