
> money-printer-os@0.5.0-alpha.61 smoke:windows
> node scripts/smoke-windows.mjs --asar W:\upgrade-release-20260926\trader\app.asar --port 18772

{
  "ran": true,
  "asar": "W:\\upgrade-release-20260926\\trader\\app.asar",
  "binary": "installed Electron runtime (ELECTRON_RUN_AS_NODE=1)",
  "exe": "C:\\Users\\jakem\\AppData\\Local\\Programs\\money-printer-os\\Money Printer OS.exe",
  "mode": "paper",
  "dashboardOnly": true,
  "port": 18772,
  "pid": 33080,
  "dashboardStatus": 200,
  "healthStatus": 200,
  "healthOk": true,
  "health": "STARTING",
  "build": {
    "version": "0.5.0-alpha.61",
    "productName": "Money Printer OS",
    "provenance": {
      "schema": "mpo.build-provenance.v1",
      "packageVersion": "0.5.0-alpha.61",
      "sourceCommit": "b7ad48a5c0aa50d28f6f97d6f18bebd70da4034d",
      "sourceDirty": false,
      "sourceFingerprint": "ae689d014070a856f287d15979fad0fbbedaf60daf34e039833d834a24d0276e",
      "packaged": true,
      "releaseId": "0.5.0-alpha.61+windows.b7ad48a",
      "markerVersion": "0.5.0-alpha.61",
      "markerCommit": "b7ad48a5c0aa50d28f6f97d6f18bebd70da4034d",
      "markerMatchesPackage": true,
      "runtime": {
        "node": "22.22.0",
        "electron": "38.8.6",
        "platform": "win32",
        "arch": "x64",
        "pid": 33080
      },
      "evaluator": {
        "version": "market-replay.v2",
        "sha256": "ff04565befc90ad2a09c0bf77be3020dcd9c2354153af34f9227d22721f47507"
      },
      "compatibility": {
        "labStatus": "mpo.lab-status.v1",
        "moduleChampion": "mpo.lab-module-champion.v1",
        "fitness": "mpo.fitness-ledger.v1",
        "compute": "mpo.compute-budget.v1",
        "prediction": "mpo.prediction-episodes.v1",
        "robinhood": "robinhood-backtest.v2",
        "equities": "equities-close-next-open-v2"
      },
      "limitations": []
    }
  },
  "isolatedDataDir": "temp dir (deleted)",
  "success": true,
  "log": "W:\\upgrade-release-20260926\\trader\\windows-engine-smoke.log",
  "at": "2026-09-26T23:54:49.154Z"
}
