Money Printer local update  20261003-163121
Build folder: W:\money-printer-backups\update-20261003-163121

== Fetching latest Money Printer OS source
From https://github.com/m3-jake/Money-Printer-OS
 * branch            main       -> FETCH_HEAD
Evolution Lab has no origin remote; using the clean local commit on master.

== Building Money Printer OS
commit 89fa8d7764a315fae8503e20aac07261a62ffd6a
release 0.5.0-alpha.93+windows.89fa8d7
work C:\Users\jakem\AppData\Local\Temp\mpo-win-89fa8d7-4mq6CA
out W:\money-printer-backups\update-20261003-163121\mpo
{
  "releaseId": "0.5.0-alpha.93+windows.89fa8d7",
  "sourceCommit": "89fa8d7764a315fae8503e20aac07261a62ffd6a",
  "sourceFingerprint": "a5c5e0d573bd7b01a886fea9efcbc4b20a63d96473ae44f44d795657665c5a45",
  "packageVersion": "0.5.0-alpha.93",
  "electronVersion": "38.8.6",
  "createdAt": "2026-10-03T20:31:24Z",
  "builtOn": "WITCHDOCTOR",
  "sha256": "652d70801f37c960113f6edceac50fec56a764c1b7c42a6caa6a0f46bf3d8d12",
  "bytes": 93691588,
  "entries": 8076,
  "nativeModules": [],
  "stagedFiles": 7364
}
(node:46296) [DEP0190] DeprecationWarning: Passing args to a child process with shell option true can lead to security vulnerabilities, as the arguments are not escaped, only concatenated.
(Use `node --trace-deprecation ...` to show where the warning was created)

== Boot-testing the new Money Printer OS build
{
  "ran": true,
  "asar": "W:\\money-printer-backups\\update-20261003-163121\\mpo\\app.asar",
  "binary": "installed Electron runtime (ELECTRON_RUN_AS_NODE=1)",
  "exe": "C:\\Users\\jakem\\AppData\\Local\\Programs\\money-printer-os\\Money Printer OS.exe",
  "mode": "paper",
  "dashboardOnly": true,
  "port": 18792,
  "pid": 45792,
  "dashboardStatus": 200,
  "healthStatus": 200,
  "healthOk": true,
  "health": "STARTING",
  "build": {
    "version": "0.5.0-alpha.93",
    "productName": "Money Printer OS",
    "provenance": {
      "schema": "mpo.build-provenance.v1",
      "packageVersion": "0.5.0-alpha.93",
      "sourceCommit": "89fa8d7764a315fae8503e20aac07261a62ffd6a",
      "sourceDirty": false,
      "sourceFingerprint": "a5c5e0d573bd7b01a886fea9efcbc4b20a63d96473ae44f44d795657665c5a45",
      "packaged": true,
      "releaseId": "0.5.0-alpha.93+windows.89fa8d7",
      "markerVersion": "0.5.0-alpha.93",
      "markerCommit": "89fa8d7764a315fae8503e20aac07261a62ffd6a",
      "markerMatchesPackage": true,
      "runtime": {
        "node": "22.22.0",
        "electron": "38.8.6",
        "platform": "win32",
        "arch": "x64",
        "pid": 45792
      },
      "evaluator": {
        "version": "market-replay.v2",
        "sha256": "ff04565befc90ad2a09c0bf77be3020dcd9c2354153af34f9227d22721f47507"
      },
      "compatibility": {
        "labStatus": "mpo.lab-status.v1",
        "moduleChampion": "mpo.lab-module-champion.v1",
        "fitness": "mpo.fitness-ledger.v1",
        "compute": "mpo.compute-budget.v1",
        "prediction": "mpo.prediction-episodes.v1",
        "robinhood": "robinhood-backtest.v2",
        "equities": "equities-close-next-open-v2"
      },
      "limitations": []
    }
  },
  "isolatedDataDir": "temp dir (deleted)",
  "success": true,
  "log": "W:\\money-printer-backups\\update-20261003-163121\\mpo\\windows-engine-smoke.log",
  "at": "2026-10-03T20:32:12.295Z"
}

== Building Evolution Lab
app.asar: 126 files, 1.1 MB
  sha256: b6823f6f00f7f078c4c723eb649e245899802d53a3e39c9a5745a71c7a2d12bc
  verified: all 126 files round-trip
wrote W:\money-printer-backups\update-20261003-163121\lab\app.asar

== Boot-testing the new Evolution Lab archive
{
  "success": true,
  "receipt": "W:\\money-printer-backups\\update-20261003-163121\\lab\\WINDOWS-ENGINE-SMOKE.json",
  "version": "0.1.0-alpha.28",
  "commit": "9cfaa899b4d6a95d7d753314652b481d7d12dd46",
  "checks": {
    "receiptPresent": true,
    "archiveHash": true,
    "health": true,
    "version": true,
    "commit": true,
    "fingerprint": true,
    "cleanSource": true,
    "paperOnly": true,
    "dashboard": true,
    "compatibility": true
  }
}
Release pair: MPO 0.5.0-alpha.93 @ 89fa8d7 + Lab 0.1.0-alpha.28 @ 9cfaa89

== Stopping the running apps
Stopping Money Printer OS...
Money Printer OS did not exit cleanly; forcing the remaining process tree.
Stopping Money Printer Evolution Lab...
Money Printer Evolution Lab did not exit cleanly; forcing the remaining process tree.
Sealed evidence store: W:\money-printer-backups\evidence-store
Paper data backup: W:\money-printer-backups\update-20261003-163121\paper-data-backup

== Installing paired release
Money Printer OS installed (sha256 652D70801F37...). Backup: C:\Users\jakem\AppData\Local\Programs\money-printer-os\resources\app.asar.backup-20261003-163121
Evolution Lab installed (sha256 B6823F6F00F7...). Backup: C:\Users\jakem\AppData\Local\Programs\money-printer-evolution-lab\resources\app.asar.backup-20261003-163121

== Starting and verifying paired release

Done. Verified pair: MPO 0.5.0-alpha.93 + Lab 0.1.0-alpha.28.
Both live health endpoints passed; paired receipt written to both installs.
To undo: quit both, then restore BOTH resources\app.asar.backup-20261003-163121 files as a pair.
