bigint: Failed to load bindings, pure JS will be used (try npm run rebuild?)
✔ qualification uses a prior fresh card and cannot be carried by the best winning trip (2.045ms)
✔ deleting an initialized Pump book cannot replenish its paper capital (8.3895ms)
✔ live mode and old signals make no quote calls; unqualified wallets remain waiting (10.7898ms)
✔ cash starts at $25 using fresh observed SOL FX, and never funds from stale FX (15.1678ms)
✔ new leader buys fill exact raw quantities, charge both quote costs, and persist duplicate protection (17.0363ms)
✔ missing, stale, non-executable and expensive quotes never debit cash or create a fill (27.5311ms)
✔ unavailable exits preserve held tokens and cash even beyond max hold, then close at the next real quote (20.8418ms)
✔ serialized simultaneous buys obey the cap and preserve reserve cash (12.2356ms)
✔ corrupt saved accounts fail closed and retain their bytes (3.9947ms)
✔ persisted risk, balances, duplicate positions and future marks cannot fabricate an account (19.4491ms)
✔ native quotes must match an unsigned unsubmitted paper plan for the requested asset and side (35.6985ms)
✔ quote delays recheck source age and paused engines never fetch a quote (5.6663ms)
✔ journal failures cannot reverse a completed fill, while failed persistence never reports a fill (17.2598ms)
✔ copy scoreboard uses only recorded after-cost closes and cash baseline (16.7555ms)
ℹ tests 14
ℹ suites 0
ℹ pass 14
ℹ fail 0
ℹ cancelled 0
ℹ skipped 0
ℹ todo 0
ℹ duration_ms 1012.6804
